// Jest Snapshot v1, https://goo.gl/fbAQLP

exports[`El componente PrimeraApp debe de mostrar <PrimeraApp /> correctamente 1`] = `
<Fragment>
  <h1>
    Hola, Soy Goku
    !!!
  </h1>
  <p>
    Soy un subtitulo
  </p>
</Fragment>
`;
